

Microchip MPLAB XC8 Assembler V2.05 build -831301201 
                                                                                                           Sun Apr 07 15:36:11 2019


     1                           	processor	12F1840
     2                           	opt	pw 132
     3                           	psect	config,global,class=CONFIG,delta=2
     4                           	psect	idloc,global,class=IDLOC,delta=2
     5                           	psect	code,global,class=CODE,delta=2
     6                           	psect	powerup,global,class=CODE,delta=2
     7                           	psect	reset_vec,global,class=CODE,delta=2
     8                           	psect	maintext,global,class=CODE,delta=2
     9                           	psect	eeprom_data,global,class=EEDATA,space=3,delta=2
    10                           	psect	strings,global,reloc=256,class=CODE,delta=2
    11                           	psect	intentry,global,class=CODE,delta=2
    12                           	psect	functab,global,class=ENTRY,delta=2
    13                           	psect	init,global,class=CODE,delta=2
    14                           	psect	cinit,global,class=CODE,delta=2
    15                           	psect	text,global,class=CODE,delta=2
    16                           	psect	end_init,global,class=CODE,delta=2
    17                           	psect	clrtext,global,class=CODE,delta=2
    18                           	psect	stack,global,class=STACK,space=2,delta=1
    19                           	psect	common,global,class=COMMON,space=1,delta=1
    20                           	psect	bank0,global,class=BANK0,space=1,delta=1
    21                           	psect	bank1,global,class=BANK1,space=1,delta=1
    22                           	psect	bank2,global,class=BANK2,space=1,delta=1
    23                           	psect	bank3,global,class=BANK3,space=1,delta=1
    24                           	psect	bank4,global,class=BANK4,space=1,delta=1
    25                           	psect	bank5,global,class=BANK5,space=1,delta=1
    26                           	psect	bank6,global,class=BANK6,space=1,delta=1
    27                           	psect	bank7,global,class=BANK7,space=1,delta=1
    28                           	psect	bank8,global,class=BANK8,space=1,delta=1
    29                           	psect	bank9,global,class=BANK9,space=1,delta=1
    30                           	psect	bank10,global,class=BANK10,space=1,delta=1
    31                           	psect	bank11,global,class=BANK11,space=1,delta=1
    32                           	psect	bank12,global,class=BANK12,space=1,delta=1
    33                           	psect	bank13,global,class=BANK13,space=1,delta=1
    34                           	psect	bank14,global,class=BANK14,space=1,delta=1
    35                           	psect	bank15,global,class=BANK15,space=1,delta=1
    36                           	psect	bank16,global,class=BANK16,space=1,delta=1
    37                           	psect	bank17,global,class=BANK17,space=1,delta=1
    38                           	psect	bank18,global,class=BANK18,space=1,delta=1
    39                           	psect	bank19,global,class=BANK19,space=1,delta=1
    40                           	psect	bank20,global,class=BANK20,space=1,delta=1
    41                           	psect	bank21,global,class=BANK21,space=1,delta=1
    42                           	psect	bank22,global,class=BANK22,space=1,delta=1
    43                           	psect	bank23,global,class=BANK23,space=1,delta=1
    44                           	psect	bank24,global,class=BANK24,space=1,delta=1
    45                           	psect	bank25,global,class=BANK25,space=1,delta=1
    46                           	psect	bank26,global,class=BANK26,space=1,delta=1
    47                           	psect	bank27,global,class=BANK27,space=1,delta=1
    48                           	psect	bank28,global,class=BANK28,space=1,delta=1
    49                           	psect	bank29,global,class=BANK29,space=1,delta=1
    50                           	psect	bank30,global,class=BANK30,space=1,delta=1
    51                           	psect	bank31,global,class=BANK31,space=1,delta=1
    52                           	psect	bigram,global,class=BIGRAM,space=1,delta=1
    53                           	psect	ram,global,class=RAM,space=1,delta=1
    54                           	psect	abs1,global,class=ABS1,space=1,delta=1
    55                           	psect	sfr0,global,class=SFR0,space=1,delta=1
    56                           	psect	sfr1,global,class=SFR1,space=1,delta=1
    57                           	psect	sfr2,global,class=SFR2,space=1,delta=1
    58                           	psect	sfr3,global,class=SFR3,space=1,delta=1
    59                           	psect	sfr4,global,class=SFR4,space=1,delta=1
    60                           	psect	sfr5,global,class=SFR5,space=1,delta=1
    61                           	psect	sfr6,global,class=SFR6,space=1,delta=1
    62                           	psect	sfr7,global,class=SFR7,space=1,delta=1
    63                           	psect	sfr8,global,class=SFR8,space=1,delta=1
    64                           	psect	sfr9,global,class=SFR9,space=1,delta=1
    65                           	psect	sfr10,global,class=SFR10,space=1,delta=1
    66                           	psect	sfr11,global,class=SFR11,space=1,delta=1
    67                           	psect	sfr12,global,class=SFR12,space=1,delta=1
    68                           	psect	sfr13,global,class=SFR13,space=1,delta=1
    69                           	psect	sfr14,global,class=SFR14,space=1,delta=1
    70                           	psect	sfr15,global,class=SFR15,space=1,delta=1
    71                           	psect	sfr16,global,class=SFR16,space=1,delta=1
    72                           	psect	sfr17,global,class=SFR17,space=1,delta=1
    73                           	psect	sfr18,global,class=SFR18,space=1,delta=1
    74                           	psect	sfr19,global,class=SFR19,space=1,delta=1
    75                           	psect	sfr20,global,class=SFR20,space=1,delta=1
    76                           	psect	sfr21,global,class=SFR21,space=1,delta=1
    77                           	psect	sfr22,global,class=SFR22,space=1,delta=1
    78                           	psect	sfr23,global,class=SFR23,space=1,delta=1
    79                           	psect	sfr24,global,class=SFR24,space=1,delta=1
    80                           	psect	sfr25,global,class=SFR25,space=1,delta=1
    81                           	psect	sfr26,global,class=SFR26,space=1,delta=1
    82                           	psect	sfr27,global,class=SFR27,space=1,delta=1
    83                           	psect	sfr28,global,class=SFR28,space=1,delta=1
    84                           	psect	sfr29,global,class=SFR29,space=1,delta=1
    85                           	psect	sfr30,global,class=SFR30,space=1,delta=1
    86                           	psect	sfr31,global,class=SFR31,space=1,delta=1
    87                           
    88                           	psect	config
    89                           
    90                           ; Config register CONFIG1 @ 0x8007
    91                           ;	Oscillator Selection
    92                           ;	FOSC = INTOSC, INTOSC oscillator: I/O function on CLKIN pin
    93                           ;	Watchdog Timer Enable
    94                           ;	WDTE = OFF, WDT disabled
    95                           ;	Power-up Timer Enable
    96                           ;	PWRTE = ON, PWRT enabled
    97                           ;	MCLR Pin Function Select
    98                           ;	MCLRE = OFF, MCLR/VPP pin function is digital input
    99                           ;	Flash Program Memory Code Protection
   100                           ;	CP = OFF, Program memory code protection is disabled
   101                           ;	Data Memory Code Protection
   102                           ;	CPD = OFF, Data memory code protection is disabled
   103                           ;	Brown-out Reset Enable
   104                           ;	BOREN = ON, Brown-out Reset enabled
   105                           ;	Clock Out Enable
   106                           ;	CLKOUTEN = OFF, CLKOUT function is disabled. I/O or oscillator function on the CLKOUT pin
   107                           ;	Internal/External Switchover
   108                           ;	IESO = OFF, Internal/External Switchover mode is disabled
   109                           ;	Fail-Safe Clock Monitor Enable
   110                           ;	FCMEN = OFF, Fail-Safe Clock Monitor is disabled
   111  8007                     	org	0
   112  8007  CF84               	dw	53124
   113                           
   114                           ; Config register CONFIG2 @ 0x8008
   115                           ;	Flash Memory Self-Write Protection
   116                           ;	WRT = OFF, Write protection off
   117                           ;	PLL Enable
   118                           ;	PLLEN = OFF, 4x PLL disabled
   119                           ;	Stack Overflow/Underflow Reset Enable
   120                           ;	STVREN = ON, Stack Overflow or Underflow will cause a Reset
   121                           ;	Brown-out Reset Voltage Selection
   122                           ;	BORV = LO, Brown-out Reset Voltage (Vbor), low trip point selected.
   123                           ;	Low-Voltage Programming Enable
   124                           ;	LVP = OFF, High-voltage on MCLR/VPP must be used for programming
   125  8008                     	org	1
   126  8008  DEFF               	dw	57087
   127                           
   128                           	psect	reset_vec
   129  0000                     reset_vec:	
   130                           
   131                           ; No powerup routine
   132                           ; jump to start
   133  0000  3180  2802         	ljmp	start
   134                           
   135                           	psect	maintext
   136                           
   137                           ; Microchip MPLAB XC8 C Compiler V2.05
   138                           ; Copyright (C) 2018 Microchip Technology Inc.
   139                           ; Auto-generated runtime startup code for final link stage.
   140                           ;
   141                           ; Compiler options:
   142                           ;
   143                           ; --chip=12F1840 -ORelease.hex main.p1 SoftSPI.p1
   144                           ;
   145  0000                     C	set	0
   146  0002                     Z	set	2
   147  0002                     PCL	set	2
   148  0000                     INDF	set	0
   149  000A                     
   150                           	psect	functab
   151  0000                     intlevel0:	
   152  0000                     intlevel1:	
   153  0000                     intlevel2:	
   154  0000                     intlevel3:	
   155  0000                     intlevel4:	
   156  0000                     intlevel5:	
   157                           
   158                           	psect	init
   159  0002                     start:	
   160                           ; No interrupt routine
   161                           
   162                           
   163                           ;Initialize the stack pointer (FSR1)
   164                           ;Stack space: 02017h-020EFh (217 bytes)
   165  20EF                     
   166                           	psect	end_init
   167  0002  3187  2FED         	ljmp	start_initialization	;jump to C runtime clear & initialization
   168                           
   169                           	psect	clrtext
   170  0000                     INDF0	set	0
   171  0001                     INDF1	set	1
   172  0002                     PCL	set	2
   173  0003                     STATUS	set	3
   174  0004                     FSR0L	set	4
   175  0005                     FSR0H	set	5
   176  0006                     FSR1L	set	6
   177  0007                     FSR1H	set	7
   178  0008                     BSR	set	8
   179  0009                     WREG	set	9
   180  000A                     PCLATH	set	10
   181  000B                     INTCON	set	11
   182                           
   183                           	psect	stack
   184  0000                     ___sp:	
   185  0000                     ___int_sp:	


Microchip Technology PIC Macro Assembler V2.05 build -831301201 
Symbol Table                                                                                               Sun Apr 07 15:36:11 2019

               ___sp 0000                 _main 0741                 start 0002  start_initialization 07ED  
          ___stackhi 20EF            ___stacklo 2017             ___int_sp 0000             intlevel0 0000  
           intlevel1 0000             intlevel2 0000             intlevel3 0000             intlevel4 0000  
           intlevel5 0000             reset_vec 0000  
